interactions:
- request:
    body: '{"uuid": "bcf1b3b4-0b3b-4b3b-8b3b-0b3b4b3b4134", "name": "name", "input":
      "input", "start_time": "2021-01-01T00:00:00"}'
    headers:
      accept:
      - '*/*'
      connection:
      - keep-alive
      content-length:
      - '119'
    method: POST
    uri: http://localhost:8000/v1/spans
  response:
    body:
      string: '{"uuid":"bcf1b3b4-0b3b-4b3b-8b3b-0b3b4b3b4134"}'
    headers:
      content-length:
      - '47'
      content-type:
      - application/json
      date:
      - Mon, 01 Jul 2024 09:02:40 GMT
      server:
      - uvicorn
    status:
      code: 200
      message: OK
- request:
    body: '{"dimension": "dim", "value": 0.5, "comment": "comment"}'
    headers:
      accept:
      - '*/*'
      connection:
      - keep-alive
      content-length:
      - '56'
      content-type:
      - application/json
    method: POST
    uri: http://localhost:8000/v1/spans/bcf1b3b4-0b3b-4b3b-8b3b-0b3b4b3b4134/metrics
  response:
    body:
      string: '{"id":"e579b865-ffb5-46f2-b0af-d99b89d36415","span_id":"bcf1b3b4-0b3b-4b3b-8b3b-0b3b4b3b4134","dimension":"dim","value":0.5,"comment":"comment","updated_at":null,"created_at":"2024-07-01T09:02:41.193624Z"}'
    headers:
      content-length:
      - '205'
      content-type:
      - application/json
      date:
      - Mon, 01 Jul 2024 09:02:40 GMT
      server:
      - uvicorn
    status:
      code: 200
      message: OK
- request:
    body: ''
    headers:
      accept:
      - '*/*'
      connection:
      - keep-alive
    method: DELETE
    uri: http://localhost:8000/v1/spans/bcf1b3b4-0b3b-4b3b-8b3b-0b3b4b3b4134
  response:
    body:
      string: ''
    headers:
      content-type:
      - application/json
      date:
      - Mon, 01 Jul 2024 09:02:40 GMT
      server:
      - uvicorn
    status:
      code: 204
      message: No Content
version: 1
